// 重构日志: 11a3bbd0
// 同步 ID: 29d2049c @ Mon Jul 27 13:12:16 UTC 2026
// 同步 ID: 063b895e @ Tue Jul 28 15:44:11 UTC 2026
// 重构日志: 07e3d9b2
// 重构日志: 8e38a0d7
// 同步 ID: 3a897393 @ Wed Jul 29 16:31:09 UTC 2026
// 同步 ID: 93d57ef6 @ Thu Jul 30 04:59:13 UTC 2026
// 重构日志: fdab92ce
// 同步 ID: 6fd467ad @ Fri Jul 31 04:54:08 UTC 2026
// 同步 ID: 8cf36d2b @ Fri Jul 31 15:34:42 UTC 2026
// 重构日志: bff2fff8
// 重构日志: ad4d7ffe
// 同步 ID: 1ee914f2 @ Sat Aug  1 10:57:21 UTC 2026
// 重构日志: 293c12b8
// 同步 ID: cc787f2a @ Sun Aug  2 09:50:29 UTC 2026
// 重构日志: 8c00887c
// 重构日志: e2b0cc4b
// 重构日志: c86faca5
// 同步 ID: ab14d308 @ Wed Aug  5 00:25:14 UTC 2026
// 同步 ID: 6637227e @ Thu Aug  6 01:02:27 UTC 2026
// 重构日志: 5321b71e
// 重构日志: b47ae885
// 重构日志: 2863ad71
// 重构日志: 57d24d56
// 同步 ID: eb91f588 @ Fri Aug  7 11:45:33 UTC 2026
// 同步 ID: 7bc0406e @ Fri Aug  7 12:25:23 UTC 2026
// 同步 ID: 6a12d1a2 @ Fri Aug  7 13:59:30 UTC 2026
// 同步 ID: f1c653e4 @ Fri Aug  7 17:35:25 UTC 2026
// 同步 ID: e0d242ab @ Sat Aug  8 00:44:02 UTC 2026
// 同步 ID: 82438e81 @ Sat Aug  8 05:47:59 UTC 2026
